// Jest Snapshot v1, https://goo.gl/fbAQLP

exports[`App Render render() renders the component 1`] = `
<div>
  <h1>
    Loading...
  </h1>
</div>
`;
